[00:02:07] [main/INFO]: Loading Minecraft 26.2 with Fabric Loader 0.19.5
[00:02:07] [main/INFO]: Mappings not present!
[00:02:08] [main/INFO]: Loading 98 mods:
	- emf_compat_core 2.0.0
	- emf_compat_not_enough_animations 1.2.0
	- entity_model_features 3.3.8
	- entity_texture_features 7.2.4
	- fabric-api 0.161.0+26.2
	   |-- fabric-advancement-api-v1 1.0.0+58719a3b9e
	   |-- fabric-api-base 2.0.4+ece063239e
	   |-- fabric-api-lookup-api-v1 2.0.18+11e1c9a39e
	   |-- fabric-biome-api-v1 18.0.6+c7bd5b8e9e
	   |-- fabric-block-api-v1 3.1.0+53515aab9e
	   |-- fabric-block-getter-api-v2 2.0.7+ec56b6019e
	   |-- fabric-command-api-v2 3.1.0+00cb03469e
	   |-- fabric-content-registries-v0 11.3.2+37b1aa249e
	   |-- fabric-convention-tags-v2 4.7.1+1f023a9e9e
	   |-- fabric-crash-report-info-v1 1.0.5+086d547a9e
	   |-- fabric-creative-tab-api-v1 5.0.15+6468574f9e
	   |-- fabric-data-attachment-api-v1 2.2.19+515ac5339e
	   |-- fabric-data-generation-api-v1 25.6.0+c0da0b829e
	   |-- fabric-debug-api-v1 1.0.2+c792624d9e
	   |-- fabric-dimensions-v1 5.1.12+515ac5339e
	   |-- fabric-entity-events-v1 5.0.5+06488ac19e
	   |-- fabric-events-interaction-v0 5.2.8+515ac5339e
	   |-- fabric-game-rule-api-v1 4.0.8+46a6d00c9e
	   |-- fabric-item-api-v1 14.5.0+c68f6cbe9e
	   |-- fabric-key-mapping-api-v1 2.0.5+e2bdee789e
	   |-- fabric-lifecycle-events-v1 4.1.4+29b6eb019e
	   |-- fabric-loot-api-v3 3.0.17+06488ac19e
	   |-- fabric-menu-api-v1 2.0.17+086d547a9e
	   |-- fabric-message-api-v1 7.0.8+bb2ed3f79e
	   |-- fabric-model-loading-api-v1 8.0.17+c80601bb9e
	   |-- fabric-networking-api-v1 6.3.4+2989c6a09e
	   |-- fabric-object-builder-api-v1 24.1.1+6fcd5f039e
	   |-- fabric-particles-v1 5.0.19+d1756aa99e
	   |-- fabric-permission-api-v1 1.0.5+e442d8d09e
	   |-- fabric-recipe-api-v1 9.0.22+11e1c9a39e
	   |-- fabric-registry-sync-v0 7.1.1+c7bd5b8e9e
	   |-- fabric-renderer-api-v1 14.1.4+2b0d8a229e
	   |-- fabric-renderer-indigo 9.1.4+2b0d8a229e
	   |-- fabric-rendering-fluids-v1 6.0.4+06488ac19e
	   |-- fabric-rendering-v1 25.3.3+515ac5339e
	   |-- fabric-resource-conditions-api-v1 6.1.0+10e9a28b9e
	   |-- fabric-resource-loader-v0 3.3.20+4fc5413f9e
	   |-- fabric-resource-loader-v1 2.0.13+9edec1269e
	   |-- fabric-screen-api-v1 5.2.1+5087f8249e
	   |-- fabric-serialization-api-v1 2.0.4+11a26f319e
	   |-- fabric-sound-api-v1 2.0.5+11a26f319e
	   |-- fabric-tag-api-v1 2.1.4+515ac5339e
	   |-- fabric-transfer-api-v1 8.0.13+11dbb7d79e
	   \-- fabric-transitive-access-wideners-v1 8.1.4+67c847259e
	- fabric-language-kotlin 1.14.1+kotlin.2.4.20
	   |-- org_jetbrains_kotlin_kotlin-reflect 2.4.20
	   |-- org_jetbrains_kotlin_kotlin-stdlib 2.4.20
	   |-- org_jetbrains_kotlin_kotlin-stdlib-jdk7 2.4.20
	   |-- org_jetbrains_kotlin_kotlin-stdlib-jdk8 2.4.20
	   |-- org_jetbrains_kotlinx_atomicfu-jvm 0.33.0
	   |-- org_jetbrains_kotlinx_kotlinx-coroutines-core-jvm 1.11.0
	   |-- org_jetbrains_kotlinx_kotlinx-coroutines-jdk8 1.11.0
	   |-- org_jetbrains_kotlinx_kotlinx-datetime-jvm 0.8.0
	   |-- org_jetbrains_kotlinx_kotlinx-io-bytestring-jvm 0.9.1
	   |-- org_jetbrains_kotlinx_kotlinx-io-core-jvm 0.9.1
	   |-- org_jetbrains_kotlinx_kotlinx-serialization-cbor-jvm 1.11.0
	   |-- org_jetbrains_kotlinx_kotlinx-serialization-core-jvm 1.11.0
	   \-- org_jetbrains_kotlinx_kotlinx-serialization-json-jvm 1.11.0
	- fabricloader 0.19.5
	   \-- mixinextras 0.5.5
	- forgeconfigapiport 26.2.1
	   |-- com_electronwill_night-config_core 3.8.4
	   \-- com_electronwill_night-config_toml 3.8.4
	- inventoryprofilesnext 2.3.8
	- iris 1.11.4+mc26.2
	   |-- io_github_douira_glsl-transformer 3.0.0-pre3
	   |-- org_anarres_jcpp 1.4.14
	   \-- org_antlr_antlr4-runtime 4.13.1
	- java 25
	- lambdynlights 4.12.4+26.2
	   |-- lambdynlights_api 4.12.4+26.2
	   |    |-- yumi_commons_collections 2.0.0
	   |    |-- yumi_commons_core 2.0.0
	   |    \-- yumi_commons_event 2.0.0
	   |-- pride 1.7.0+26.2
	   |-- spruceui 11.0.0+26.2
	   \-- yumi_mc_core 1.1.1+26.2
	        |-- yumi_commons_collections 2.0.0
	        |-- yumi_commons_core 2.0.0
	        \-- yumi_commons_event 2.0.0
	- libipn 6.9.0
	- minecraft 26.2
	- modmenu 20.0.3
	   \-- fabric-api-base 2.0.4+ece063239e
	- mousetweaks 2.31
	- notenoughanimations 1.12.5
	   |-- transition 1.0.25
	   \-- trender 1.0.17
	- ok_zoomer 18.0.0-beta.2
	   |-- wrench_wrapper 0.9.1
	   \-- wrench_wrapper_backend 0.9.1
	- placeholder-api 3.1.0-beta.1+26.2
	- quickcoordchat 1.0.0+fabric+26.2
	- shouldersurfing 5.1.1
	- sodium 0.9.2+mc26.2
	- xaerominimap 26.5.1
	   \-- xaerolib 1.7.7
[00:02:08] [main/INFO]: SpongePowered MIXIN Subsystem Version=0.8.7 Source=file:/C:/Users/giuli/AppData/Roaming/.minecraft/libraries/net/fabricmc/sponge-mixin/0.17.4+mixin.0.8.7/sponge-mixin-0.17.4+mixin.0.8.7.jar Service=Knot/Fabric Env=CLIENT
[00:02:08] [main/WARN]: Reference map 'iris.refmap.json' for mixins.iris.json could not be read. If this is a development environment you can ignore this message
[00:02:08] [main/WARN]: Reference map 'iris-fabric.refmap.json' for mixins.iris.fabric.json could not be read. If this is a development environment you can ignore this message
[00:02:08] [main/WARN]: Reference map 'iris.refmap.json' for mixins.iris.vertexformat.json could not be read. If this is a development environment you can ignore this message
[00:02:08] [main/WARN]: Reference map 'iris.refmap.json' for mixins.iris.bettermipmaps.json could not be read. If this is a development environment you can ignore this message
[00:02:08] [main/WARN]: Reference map 'iris.refmap.json' for mixins.iris.compat.sodium.json could not be read. If this is a development environment you can ignore this message
[00:02:08] [main/WARN]: Reference map 'iris.refmap.json' for mixins.iris.fixes.maxfpscrash.json could not be read. If this is a development environment you can ignore this message
[00:02:08] [main/WARN]: Reference map 'shouldersurfing.refmap.json' for shouldersurfing.common.mixins.json could not be read. If this is a development environment you can ignore this message
[00:02:08] [main/WARN]: Reference map 'shouldersurfing.refmap.json' for shouldersurfing.common.compat.mixins.json could not be read. If this is a development environment you can ignore this message
[00:02:08] [main/WARN]: Reference map 'shouldersurfing.refmap.json' for shouldersurfing.fabric.mixins.json could not be read. If this is a development environment you can ignore this message
[00:02:08] [main/WARN]: Reference map 'shouldersurfing.refmap.json' for shouldersurfing.fabric.compat.mixins.json could not be read. If this is a development environment you can ignore this message
[00:02:08] [main/INFO]: Loaded configuration file for Sodium: 37 options available, 1 override(s) found
[00:02:08] [main/WARN]: Reference map 'xaerolib.refmap.json' for xaerolib.mixins.json could not be read. If this is a development environment you can ignore this message
[00:02:09] [main/WARN]: Error loading class: dev/isxander/controlify/virtualmouse/VirtualMouseHandler (java.lang.ClassNotFoundException: dev/isxander/controlify/virtualmouse/VirtualMouseHandler)
[00:02:09] [main/WARN]: @Mixin target dev.isxander.controlify.virtualmouse.VirtualMouseHandler was not found mixins.ipnext.json:MixinVirtualMouseHandler from mod inventoryprofilesnext
[00:02:09] [main/WARN]: Force-disabling mixin 'features.render.world.sky.LevelRendererMixin' as rule 'mixin.features.render.world.sky' (added by mods [iris]) disables it and children
[00:02:09] [main/INFO]: Searching for graphics cards...
[00:02:09] [main/INFO]: Found graphics adapter: AdapterInfo{vendor=AMD, description='Radeon RX 580 Series', adapterType=0x0000230B, openglIcdFilePath='C:\Windows\System32\DriverStore\FileRepository\u0417877.inf_amd64_8b2c2b61b3f8a9e5\B417004\atig6pxx.dll', openglIcdVersion=31.0.21923.11000}
[00:02:09] [main/WARN]: Sodium has applied one or more workarounds to prevent crashes or other issues on your system: [AMD_GAME_OPTIMIZATION_BROKEN]
[00:02:09] [main/WARN]: This is not necessarily an issue, but it may result in certain features or optimizations being disabled. You can sometimes fix these issues by upgrading your graphics driver.
[00:02:10] [main/INFO]: Initializing MixinExtras via com.llamalad7.mixinextras.service.MixinExtrasServiceImpl(version=0.5.5).
[00:02:11] [Datafixer Bootstrap #0/INFO]: 295 Datafixer optimizations took 302 milliseconds
[00:02:11] [main/WARN]: Invalid registry value type detected for PerfOS counters. Should be REG_DWORD. Ignoring: HKEY_LOCAL_MACHINE\SYSTEM\CurrentControlSet\Services\PerfOS\Performance\Disable Performance Counters.
[00:02:16] [Render thread/INFO]: Environment: Environment[sessionHost=https://sessionserver.mojang.com, servicesHost=https://api.minecraftservices.com, profilesHost=https://api.mojang.com, name=PROD]
[00:02:16] [Render thread/INFO]: Setting user: gmarinelli
[00:02:16] [Render thread/INFO]: [ETF]: Modifying ETF Render State constructor because: for EMF
[00:02:16] [Render thread/INFO]: Loading Entity Model Features, now compatible with every mod, except all the ones that aren't...
[00:02:16] [Render thread/INFO]: [ETF]: 6 new ETF Random Properties registered by entity_model_features
[00:02:16] [Render thread/INFO]: Loading Entity Texture Features, did you know this mod was made because I missed the glowing drowned textures in the Fresh animations addons.
[00:02:16] [Render thread/INFO]: [Indigo] Different rendering plugin detected; not applying Indigo.
[00:02:17] [Render thread/INFO]: Checking mod updates...
[00:02:17] [Render thread/INFO]: [STDOUT]: [Mouse Tweaks] Main.initialize()
[00:02:17] [Render thread/INFO]: [STDOUT]: [Mouse Tweaks] Initialized.
[00:02:17] [Render thread/INFO]: [STDOUT]: QuickCoordChat loaded for Minecraft 26.2. Config: D:\giuli\Documents\Juegos\Minecraft\Mods\curseforge\Instances\hidraulico\config\quickcoordchat\config.yml / Lang: D:\giuli\Documents\Juegos\Minecraft\Mods\curseforge\Instances\hidraulico\config\quickcoordchat\lang
[00:02:17] [Render thread/INFO]: [STDOUT]: [TRender] Initializing Client...
[00:02:17] [Render thread/INFO]: Registering common data for channel xaerolib:main!
[00:02:17] [Render thread/INFO]: Registering client data for channel xaerolib:main!
[00:02:17] [Render thread/INFO]: Loading primary common config for channel xaerolib:main!
[00:02:17] [Render thread/INFO]: Loading server config profiles for channel xaerolib:main!
[00:02:17] [Render thread/INFO]: Loading primary client config for channel xaerolib:main!
[00:02:17] [Render thread/INFO]: Loading client config profiles for channel xaerolib:main!
[00:02:17] [Render thread/INFO]: Loading XaeroLib common 1/2!
[00:02:17] [Render thread/INFO]: Loading XaeroLib client 1/3!
[00:02:18] [Render thread/INFO]: No Optifine!
[00:02:18] [Render thread/INFO]: Xaero's Minimap: No Vivecraft!
[00:02:18] [Render thread/INFO]: Xaero's Minimap: Iris found!
[00:02:18] [Render thread/INFO]: Registering common data for channel xaerominimap:main!
[00:02:18] [Render thread/INFO]: Registering client data for channel xaerominimap:main!
[00:02:18] [Render thread/INFO]: Loading primary common config for channel xaerominimap:main!
[00:02:18] [Render thread/INFO]: Loading server config profiles for channel xaerominimap:main!
[00:02:18] [Render thread/INFO]: Loading primary client config for channel xaerominimap:main!
[00:02:18] [Render thread/INFO]: Loading client config profiles for channel xaerominimap:main!
[00:02:18] [Render thread/INFO]: Loading Xaero's Minimap - Stage 1/3
[00:02:18] [Render thread/INFO]: Initializing mods (entrypoint yumi:init)...
[00:02:18] [Render thread/INFO]: [LambDynLights] Initializing LambDynamicLights...
[00:02:18] [Render thread/INFO]: [LambDynLights] Configuration loaded.
[00:02:19] [Render thread/INFO]: Backend library: LWJGL version 3.4.1-snapshot
[00:02:19] [Render thread/INFO]: Modifying process environment to apply workarounds for the AMD graphics driver...
[00:02:19] [ForkJoinPool.commonPool-worker-1/WARN]: [Iris Update Check] This version doesn't have an update index, skipping.
[00:02:19] [Render thread/INFO]: Debug functionality is disabled.
[00:02:19] [Render thread/INFO]: ARB_direct_state_access detected, enabling DSA.
[00:02:19] [Render thread/INFO]: Profile: VERYLOW (+0 options changed by user)
[00:02:20] [Render thread/INFO]: Using shaderpack: ComplementaryReimagined_r5.9.3.zip
[00:02:20] [Render thread/INFO]: Using graphics backend OpenGL, using drivers: 3.3.0 Core Profile Context 25.8.1.250617
[00:02:20] [Render thread/INFO]: Using graphics device: Radeon RX 580 Series (ATI Technologies Inc.)
[00:02:20] [Render thread/INFO]: Using graphics device extensions: GL_ARB_multi_draw_indirect, GL_ARB_buffer_storage, GL_ARB_shader_draw_parameters, GL_ARB_base_instance, GL_KHR_debug, GL_ARB_draw_indirect, GL_ARB_clip_control, GL_ARB_vertex_attrib_binding, GL_ARB_direct_state_access, GL_EXT_texture_filter_anisotropic
[00:02:21] [Render thread/INFO]: Hardware information:
[00:02:21] [Render thread/INFO]: CPU: 16x AMD Ryzen 7 3800X 8-Core Processor 
[00:02:21] [Render thread/INFO]: GPU: Radeon RX 580 Series (Supports OpenGL 3.3.0 Core Profile Context 25.8.1.250617)
[00:02:21] [Render thread/INFO]: OS: Windows 11 (10.0)
[00:02:21] [Render thread/INFO]: Reloading ResourceManager: vanilla, entity_model_features, entity_texture_features, fabric-advancement-api-v1, fabric-api, fabric-api-base, fabric-api-lookup-api-v1, fabric-biome-api-v1, fabric-block-api-v1, fabric-block-getter-api-v2, fabric-command-api-v2, fabric-content-registries-v0, fabric-convention-tags-v2, fabric-crash-report-info-v1, fabric-creative-tab-api-v1, fabric-data-attachment-api-v1, fabric-data-generation-api-v1, fabric-debug-api-v1, fabric-dimensions-v1, fabric-entity-events-v1, fabric-events-interaction-v0, fabric-game-rule-api-v1, fabric-item-api-v1, fabric-key-mapping-api-v1, fabric-language-kotlin, fabric-lifecycle-events-v1, fabric-loot-api-v3, fabric-menu-api-v1, fabric-message-api-v1, fabric-model-loading-api-v1, fabric-networking-api-v1, fabric-object-builder-api-v1, fabric-particles-v1, fabric-permission-api-v1, fabric-recipe-api-v1, fabric-registry-sync-v0, fabric-renderer-api-v1, fabric-renderer-indigo, fabric-rendering-fluids-v1, fabric-rendering-v1, fabric-resource-conditions-api-v1, fabric-resource-loader-v0, fabric-resource-loader-v1, fabric-screen-api-v1, fabric-serialization-api-v1, fabric-sound-api-v1, fabric-tag-api-v1, fabric-transfer-api-v1, fabric-transitive-access-wideners-v1, fabricloader, forgeconfigapiport, inventoryprofilesnext, iris, lambdynlights, lambdynlights_api, libipn, modmenu, notenoughanimations, ok_zoomer, placeholder-api, pride, quickcoordchat, shouldersurfing, sodium, spruceui, trender, wrench_wrapper, wrench_wrapper_backend, xaerolib, xaerominimap, file/FreshAnimations_v1.10.5.zip, file/FA+Player-v1.1.zip, file/FA+All_Extensions-v1.9.2.zip, file/§eTorches§8-§eReimagined§0_§8[v1.8]§0.zip
[00:02:21] [Render thread/INFO]: Registering plugin for Shoulder Surfing Reloaded (shouldersurfing)
[00:02:21] [Render thread/INFO]: [Ok Zoomer] YwY what's this
[00:02:21] [Worker-Main-11/INFO]: Found unifont_pua-17.0.01.hex, loading
[00:02:21] [Download-1/INFO]: Could not authorize you against Realms server: java.lang.RuntimeException: Failed to parse into SignedJWT: -
[00:02:21] [Worker-Main-10/INFO]: Found unifont_all_no_pua-17.0.01.hex, loading
[00:02:21] [Download-1/ERROR]: Failed to fetch Realms feature flags
com.mojang.realmsclient.exception.RealmsServiceException: Realms authentication error with message 'java.lang.RuntimeException: Failed to parse into SignedJWT: -'
	at knot//com.mojang.realmsclient.client.RealmsClient.execute(RealmsClient.java:528)
	at knot//com.mojang.realmsclient.client.RealmsClient.fetchFeatureFlags(RealmsClient.java:187)
	at java.base/java.util.concurrent.CompletableFuture$AsyncSupply.run(CompletableFuture.java:1789)
	at java.base/java.util.concurrent.ThreadPoolExecutor.runWorker(ThreadPoolExecutor.java:1090)
	at java.base/java.util.concurrent.ThreadPoolExecutor$Worker.run(ThreadPoolExecutor.java:614)
	at java.base/java.lang.Thread.run(Thread.java:1474)
[00:02:21] [Render thread/INFO]: Loading Xaero's Minimap - Stage 2/3
[00:02:21] [Worker-Main-13/INFO]: Found unifont_jp_patch-17.0.01.hex, loading
[00:02:22] [Render thread/INFO]: Registered player tracker system: minimap_synced
[00:02:22] [Render thread/INFO]: Loading Xaero's Minimap - Stage 3/3
[00:02:22] [Render thread/INFO]: Loading XaeroLib common 2/2!
[00:02:22] [Render thread/INFO]: Loading XaeroLib client 2/3!
[00:02:22] [Render thread/INFO]: Loading XaeroLib client 3/3!
[00:02:22] [Render thread/INFO]: Thread[#3,Render thread,10,main]
[00:02:22] [Render thread/INFO]: OpenGL Vendor: ATI Technologies Inc.
[00:02:22] [Render thread/INFO]: OpenGL Renderer: Radeon RX 580 Series
[00:02:22] [Render thread/INFO]: OpenGL Version: 3.3.0 Core Profile Context 25.8.1.250617
[00:02:23] [Render thread/WARN]: minecraft:pipeline/item_translucent shader program does not use sampler Sampler1 defined in the pipeline. This might be a bug.
[00:02:23] [Render thread/WARN]: minecraft:pipeline/item_cutout shader program does not use sampler Sampler1 defined in the pipeline. This might be a bug.
[00:02:23] [Render thread/INFO]: OpenAL initialized on device OpenAL Soft on Audífono de los auriculares con micrófono (CORSAIR HS80 RGB Wireless Gaming Headset)
[00:02:23] [Render thread/INFO]: Sound engine started
[00:02:23] [Render thread/INFO]: Created: 512x256x0 minecraft:textures/atlas/particles.png-atlas
[00:02:23] [Render thread/INFO]: Created: 128x128x0 minecraft:textures/atlas/decorated_pot.png-atlas
[00:02:23] [Render thread/INFO]: Created: 2048x1024x0 minecraft:textures/atlas/armor_trims.png-atlas
[00:02:23] [Render thread/INFO]: Created: 512x256x0 minecraft:textures/atlas/paintings.png-atlas
[00:02:23] [Render thread/INFO]: Created: 1024x512x0 minecraft:textures/atlas/shield_patterns.png-atlas
[00:02:23] [Render thread/INFO]: Created: 2048x2048x4 minecraft:textures/atlas/blocks.png-atlas
[00:02:23] [Render thread/INFO]: Created: 512x512x0 minecraft:textures/atlas/chest.png-atlas
[00:02:23] [Render thread/INFO]: Created: 256x128x0 minecraft:textures/atlas/celestials.png-atlas
[00:02:23] [Render thread/INFO]: Created: 1024x512x0 minecraft:textures/atlas/banner_patterns.png-atlas
[00:02:23] [Render thread/INFO]: Created: 1024x512x0 minecraft:textures/atlas/items.png-atlas
[00:02:23] [Render thread/INFO]: Created: 1024x1024x0 minecraft:textures/atlas/gui.png-atlas
[00:02:23] [Render thread/INFO]: Created: 128x64x0 minecraft:textures/atlas/map_decorations.png-atlas
[00:02:23] [Render thread/INFO]: Created: 512x512x0 minecraft:textures/atlas/shulker_boxes.png-atlas
[00:02:24] [Render thread/INFO]: [ETF]: emissive suffixes loaded: [_e]
[00:02:26] [Render thread/INFO]: [ETF]: reloading ETF data.
[00:02:26] [Render thread/INFO]: [ETF]: emissive suffixes loaded: [_e]
[00:02:26] [Render thread/INFO]: Creating pipeline for dimension minecraft:overworld
[00:02:26] [Download-1/INFO]: Could not authorize you against Realms server: java.lang.RuntimeException: Failed to parse into SignedJWT: -
[00:02:26] [Download-1/ERROR]: Couldn't connect to realms
com.mojang.realmsclient.exception.RealmsServiceException: Realms authentication error with message 'java.lang.RuntimeException: Failed to parse into SignedJWT: -'
	at knot//com.mojang.realmsclient.client.RealmsClient.execute(RealmsClient.java:528)
	at knot//com.mojang.realmsclient.client.RealmsClient.clientCompatible(RealmsClient.java:308)
	at knot//com.mojang.realmsclient.RealmsAvailability.lambda$check$0(RealmsAvailability.java:48)
	at java.base/java.util.concurrent.CompletableFuture$AsyncSupply.run(CompletableFuture.java:1789)
	at java.base/java.util.concurrent.ThreadPoolExecutor.runWorker(ThreadPoolExecutor.java:1090)
	at java.base/java.util.concurrent.ThreadPoolExecutor$Worker.run(ThreadPoolExecutor.java:614)
	at java.base/java.lang.Thread.run(Thread.java:1474)
[00:02:39] [Render thread/INFO]: [ETF]: emissive suffixes loaded: [_e]
[00:02:39] [Render thread/INFO]: Connecting to localhost, 6767
[00:02:40] [Render thread/INFO]: Minimap required item set to nothing.
[00:02:40] [Render thread/INFO]: New Xaero hud session initialized!
[00:02:40] [Render thread/INFO]: Started 10 worker threads
[00:02:40] [Render thread/INFO]: [Inventory Profiles Next] Loaded 0 external GUI hints
[00:02:40] [Render thread/INFO]: [Inventory Profiles Next] Loaded 803 build-in GUI hints
[00:02:40] [Render thread/INFO]: [Inventory Profiles Next] Effective GUI hints after merge: 803
[00:02:40] [Render thread/INFO]: Loaded 2 advancements
[00:02:41] [Render thread/WARN]: Server side doesn't have XaeroLib installed! Resetting.
[00:02:41] [Render thread/INFO]: Stopping worker threads
[00:02:41] [Render thread/INFO]: Started 10 worker threads
[00:02:41] [Render thread/WARN]: Error while parsing the block ID map entry for "block.10104":
[00:02:41] [Render thread/WARN]: - The block minecraft:stone_slab has no property with the name variant, ignoring!
[00:02:41] [Render thread/INFO]: Resizing Dynamic Transforms UBO, capacity limit of 2 reached during a single frame. New capacity will be 4.
[00:02:41] [Render thread/INFO]: Resizing Dynamic Transforms UBO, capacity limit of 4 reached during a single frame. New capacity will be 8.
[00:02:41] [Render thread/INFO]: Stopping worker threads
[00:02:41] [Render thread/INFO]: Started 10 worker threads
[00:02:41] [Render thread/INFO]: Resizing Dynamic Transforms UBO, capacity limit of 8 reached during a single frame. New capacity will be 16.
[00:02:42] [Render thread/INFO]: Reloading radar icon resources...
[00:02:42] [Render thread/INFO]: Reloaded radar icon resources!
[00:02:42] [Render thread/INFO]: Resized a dynamic immediate buffer to 6096!
[00:02:42] [Render thread/INFO]: Resized a dynamic immediate buffer to 12192!
[00:02:42] [Render thread/INFO]: Resizing Dynamic Transforms UBO, capacity limit of 16 reached during a single frame. New capacity will be 32.
[00:02:46] [Render thread/INFO]: Resized a dynamic immediate buffer to 192!
[00:02:46] [Render thread/INFO]: Resized a dynamic immediate buffer to 384!
[00:02:46] [Render thread/INFO]: Resized a dynamic immediate buffer to 768!
[00:02:46] [Render thread/INFO]: Resized a dynamic immediate buffer to 1536!
[00:02:46] [Render thread/INFO]: Resized a dynamic immediate buffer to 3072!
[00:02:46] [Render thread/INFO]: Resized a dynamic immediate buffer to 192!
[00:02:46] [Render thread/INFO]: Resized a dynamic immediate buffer to 384!
[00:02:46] [Render thread/INFO]: Resized a dynamic immediate buffer to 768!
[00:02:46] [Render thread/INFO]: Resized a dynamic immediate buffer to 1536!
[00:02:46] [Render thread/INFO]: Resized a dynamic immediate buffer to 3072!
[00:02:46] [Render thread/INFO]: Resized a dynamic immediate buffer to 6144!
[00:02:46] [Render thread/INFO]: Resized a dynamic immediate buffer to 6144!
[00:03:08] [Render thread/INFO]: [Not Secure] [CHAT] <gmarinelli> Estoy en [Overworld] X=5 Y=80 Z=13
[00:03:13] [Render thread/INFO]: [Not Secure] [CHAT] <gmarinelli> Estoy en [Overworld] X=13 Y=81 Z=16
[00:03:29] [Render thread/INFO]: Loaded 12 advancements
[00:03:32] [Render thread/WARN]: Unable to play empty soundEvent: minecraft:entity.salmon.ambient
[00:03:52] [Render thread/INFO]: Xaero hud session finalized.
[00:03:52] [Render thread/INFO]: Stopping worker threads
[00:03:52] [Render thread/INFO]: [ETF]: emissive suffixes loaded: [_e]
[00:03:54] [Render thread/INFO]: [ETF]: emissive suffixes loaded: [_e]
[00:03:54] [Render thread/INFO]: Connecting to 201.231.29.229, 6767
[00:03:54] [Render thread/INFO]: Minimap required item set to nothing.
[00:03:54] [Render thread/INFO]: New Xaero hud session initialized!
[00:03:54] [Render thread/INFO]: Started 10 worker threads
[00:03:54] [Render thread/INFO]: Loaded 44 advancements
[00:03:54] [Render thread/WARN]: Server side doesn't have XaeroLib installed! Resetting.
[00:03:54] [Render thread/INFO]: Stopping worker threads
[00:03:54] [Render thread/INFO]: Started 10 worker threads
[00:04:58] [Render thread/INFO]: Resized a dynamic immediate buffer to 192!
[00:04:58] [Render thread/INFO]: Resized a dynamic immediate buffer to 384!
[00:04:58] [Render thread/INFO]: Resized a dynamic immediate buffer to 768!
[00:04:58] [Render thread/INFO]: Resized a dynamic immediate buffer to 1536!
[00:04:58] [Render thread/INFO]: Resized a dynamic immediate buffer to 3072!
[00:04:58] [Render thread/INFO]: Resized a dynamic immediate buffer to 192!
[00:04:58] [Render thread/INFO]: Resized a dynamic immediate buffer to 384!
[00:04:58] [Render thread/INFO]: Resized a dynamic immediate buffer to 768!
[00:04:58] [Render thread/INFO]: Resized a dynamic immediate buffer to 1536!
[00:04:58] [Render thread/INFO]: Resized a dynamic immediate buffer to 3072!
[00:04:58] [Render thread/INFO]: Resized a dynamic immediate buffer to 6144!
[00:04:58] [Render thread/INFO]: Resized a dynamic immediate buffer to 6144!
[00:05:15] [Render thread/INFO]: [System] [CHAT] gmarinelli acaba de conseguir el progreso [Mejorando herramientas]
[00:05:15] [Render thread/INFO]: Loaded 48 advancements
[00:05:40] [Render thread/INFO]: Loaded 87 advancements
[00:05:41] [Render thread/INFO]: Loaded 90 advancements
[00:05:41] [Render thread/INFO]: Loaded 97 advancements
[00:06:34] [Render thread/INFO]: [System] [CHAT] gmarinelli acaba de conseguir el progreso [Cazamonstruos]
[00:06:34] [Render thread/INFO]: Loaded 100 advancements
[00:07:20] [Render thread/INFO]: Loaded 101 advancements
[00:07:20] [Render thread/INFO]: Loaded 104 advancements
[00:07:23] [Render thread/INFO]: [System] [CHAT] gmarinelli fue reventado/a por Creeper
[00:07:23] [Render thread/INFO]: Resized a dynamic immediate buffer to 24384!
[00:07:25] [Render thread/WARN]: Server side doesn't have XaeroLib installed! Resetting.
[00:07:25] [Render thread/INFO]: [Not Secure] [CHAT] <gmarinelli> Me morí en [Overworld] X=141 Y=70 Z=-35
[00:08:51] [Render thread/INFO]: [System] [CHAT] gmarinelli fue asesinado/a por Zombi
[00:08:53] [Render thread/WARN]: Server side doesn't have XaeroLib installed! Resetting.
[00:08:53] [Render thread/INFO]: [Not Secure] [CHAT] <gmarinelli> Me morí en [Overworld] X=146 Y=61 Z=-40
[00:10:37] [Render thread/INFO]: [System] [CHAT] Comando desconocido o incompleto, mirá el error abajo:
[00:10:37] [Render thread/INFO]: [System] [CHAT] tp @s 147 61.5 -38<--[ACÁ]
[00:13:19] [Render thread/INFO]: Loaded 111 advancements
[00:13:54] [Render thread/INFO]: Loaded 113 advancements
[00:14:59] [Render thread/INFO]: Loaded 116 advancements
[00:16:17] [Render thread/INFO]: Loaded 116 advancements
[00:16:19] [Render thread/INFO]: Loaded 116 advancements
[00:16:22] [Render thread/INFO]: Loaded 116 advancements
[00:16:44] [Render thread/INFO]: Loaded 117 advancements
[00:18:11] [Render thread/INFO]: Loaded 120 advancements
[00:18:23] [Render thread/INFO]: Xaero hud session finalized.
[00:18:23] [Render thread/INFO]: Stopping worker threads
[00:18:23] [Render thread/INFO]: [ETF]: emissive suffixes loaded: [_e]
[00:18:29] [Render thread/INFO]: Stopping!
[00:18:29] [Render thread/INFO]: [ETF]: emissive suffixes loaded: [_e]
[00:18:44] [Client shutdown watchdog #1/ERROR]: Negative index in crash report handler (3/10)
